// Jest Snapshot v1, https://goo.gl/fbAQLP

exports[`renders without crashing 1`] = `
Object {
  "asFragment": [Function],
  "baseElement": <body>
    <div>
      <div>
        <form
          name="MovieSearchBar"
        >
          <div
            class="makeStyles-root-1"
          >
            <header
              class="MuiPaper-root MuiAppBar-root MuiAppBar-positionStatic MuiAppBar-colorPrimary MuiPaper-elevation4"
            >
              <div
                class="MuiToolbar-root MuiToolbar-regular MuiToolbar-gutters"
              >
                <h6
                  class="MuiTypography-root makeStyles-title-3 MuiTypography-h6 MuiTypography-noWrap"
                >
                  Movie Searcher
                </h6>
                <div
                  class="makeStyles-search-4"
                >
                  <div
                    class="makeStyles-searchIcon-5"
                  >
                    <svg
                      aria-hidden="true"
                      class="MuiSvgIcon-root"
                      focusable="false"
                      role="presentation"
                      viewBox="0 0 24 24"
                    >
                      <path
                        d="M15.5 14h-.79l-.28-.27C15.41 12.59 16 11.11 16 9.5 16 5.91 13.09 3 9.5 3S3 5.91 3 9.5 5.91 16 9.5 16c1.61 0 3.09-.59 4.23-1.57l.27.28v.79l5 4.99L20.49 19l-4.99-5zm-6 0C7.01 14 5 11.99 5 9.5S7.01 5 9.5 5 14 7.01 14 9.5 11.99 14 9.5 14z"
                      />
                    </svg>
                  </div>
                  <div
                    class="MuiInputBase-root makeStyles-inputRoot-6"
                  >
                    <input
                      aria-label="search"
                      class="MuiInputBase-input makeStyles-inputInput-7 MuiInputBase-inputTypeSearch"
                      name="filmTitle"
                      placeholder="Movie Search"
                      type="search"
                      value=""
                    />
                  </div>
                </div>
              </div>
            </header>
          </div>
        </form>
        <div
          class="card-group"
        />
      </div>
    </div>
  </body>,
  "container": <div>
    <div>
      <form
        name="MovieSearchBar"
      >
        <div
          class="makeStyles-root-1"
        >
          <header
            class="MuiPaper-root MuiAppBar-root MuiAppBar-positionStatic MuiAppBar-colorPrimary MuiPaper-elevation4"
          >
            <div
              class="MuiToolbar-root MuiToolbar-regular MuiToolbar-gutters"
            >
              <h6
                class="MuiTypography-root makeStyles-title-3 MuiTypography-h6 MuiTypography-noWrap"
              >
                Movie Searcher
              </h6>
              <div
                class="makeStyles-search-4"
              >
                <div
                  class="makeStyles-searchIcon-5"
                >
                  <svg
                    aria-hidden="true"
                    class="MuiSvgIcon-root"
                    focusable="false"
                    role="presentation"
                    viewBox="0 0 24 24"
                  >
                    <path
                      d="M15.5 14h-.79l-.28-.27C15.41 12.59 16 11.11 16 9.5 16 5.91 13.09 3 9.5 3S3 5.91 3 9.5 5.91 16 9.5 16c1.61 0 3.09-.59 4.23-1.57l.27.28v.79l5 4.99L20.49 19l-4.99-5zm-6 0C7.01 14 5 11.99 5 9.5S7.01 5 9.5 5 14 7.01 14 9.5 11.99 14 9.5 14z"
                    />
                  </svg>
                </div>
                <div
                  class="MuiInputBase-root makeStyles-inputRoot-6"
                >
                  <input
                    aria-label="search"
                    class="MuiInputBase-input makeStyles-inputInput-7 MuiInputBase-inputTypeSearch"
                    name="filmTitle"
                    placeholder="Movie Search"
                    type="search"
                    value=""
                  />
                </div>
              </div>
            </div>
          </header>
        </div>
      </form>
      <div
        class="card-group"
      />
    </div>
  </div>,
  "debug": [Function],
  "findAllByAltText": [Function],
  "findAllByDisplayValue": [Function],
  "findAllByLabelText": [Function],
  "findAllByPlaceholderText": [Function],
  "findAllByRole": [Function],
  "findAllByTestId": [Function],
  "findAllByText": [Function],
  "findAllByTitle": [Function],
  "findByAltText": [Function],
  "findByDisplayValue": [Function],
  "findByLabelText": [Function],
  "findByPlaceholderText": [Function],
  "findByRole": [Function],
  "findByTestId": [Function],
  "findByText": [Function],
  "findByTitle": [Function],
  "getAllByAltText": [Function],
  "getAllByDisplayValue": [Function],
  "getAllByLabelText": [Function],
  "getAllByPlaceholderText": [Function],
  "getAllByRole": [Function],
  "getAllByTestId": [Function],
  "getAllByText": [Function],
  "getAllByTitle": [Function],
  "getByAltText": [Function],
  "getByDisplayValue": [Function],
  "getByLabelText": [Function],
  "getByPlaceholderText": [Function],
  "getByRole": [Function],
  "getByTestId": [Function],
  "getByText": [Function],
  "getByTitle": [Function],
  "queryAllByAltText": [Function],
  "queryAllByDisplayValue": [Function],
  "queryAllByLabelText": [Function],
  "queryAllByPlaceholderText": [Function],
  "queryAllByRole": [Function],
  "queryAllByTestId": [Function],
  "queryAllByText": [Function],
  "queryAllByTitle": [Function],
  "queryByAltText": [Function],
  "queryByDisplayValue": [Function],
  "queryByLabelText": [Function],
  "queryByPlaceholderText": [Function],
  "queryByRole": [Function],
  "queryByTestId": [Function],
  "queryByText": [Function],
  "queryByTitle": [Function],
  "rerender": [Function],
  "unmount": [Function],
}
`;
